2026-03-28 10:04:20,627 [canton-env-ec-69] DEBUG c.d.c.p.l.a.StartableStoppableLedgerApiServer:participant=sandbox tid:64e70f1d616b54a5c1e55d6c92a01906 - Shutting down ledger API server
2026-03-28 10:04:25,571 [canton-env-ec-69] INFO  c.d.c.p.l.a.StartableStoppableLedgerApiServer:participant=sandbox tid:64e70f1d616b54a5c1e55d6c92a01906 - Task closing ledger API server still not completed after 4630 milliseconds. Continue waiting...
2026-03-28 10:04:27,921 [canton-env-ec-69] INFO  c.d.c.p.l.a.StartableStoppableLedgerApiServer:participant=sandbox tid:64e70f1d616b54a5c1e55d6c92a01906 - Task closing ledger API server still not completed after 6980 milliseconds. Continue waiting...
2026-03-28 10:04:30,280 [canton-env-ec-69] INFO  c.d.c.p.l.a.StartableStoppableLedgerApiServer:participant=sandbox tid:64e70f1d616b54a5c1e55d6c92a01906 - Task closing ledger API server still not completed after 9340 milliseconds. Continue waiting...
2026-03-28 10:04:30,921 [canton-env-ec-69] WARN  c.d.c.p.l.a.StartableStoppableLedgerApiServer:participant=sandbox tid:64e70f1d616b54a5c1e55d6c92a01906 - Task closing ledger API server did not complete within 9 seconds. Stack traces:
  Thread[sandbox-wallclock-0,5,main] is-daemon=false state=TIMED_WAITING
    java.base@17.0.18/jdk.internal.misc.Unsafe.park(Native Method)
    java.base@17.0.18/java.util.concurrent.locks.LockSupport.parkNanos(LockSupport.java:252)
    java.base@17.0.18/java.util.concurrent.locks.AbstractQueuedSynchronizer$ConditionObject.awaitNanos(AbstractQueuedSynchronizer.java:1679)
    java.base@17.0.18/java.util.concurrent.ScheduledThreadPoolExecutor$DelayedWorkQueue.take(ScheduledThreadPoolExecutor.java:1182)
    java.base@17.0.18/java.util.concurrent.ScheduledThreadPoolExecutor$DelayedWorkQueue.take(ScheduledThreadPoolExecutor.java:899)
    java.base@17.0.18/java.util.concurrent.ThreadPoolExecutor.getTask(ThreadPoolExecutor.java:1062)
    java.base@17.0.18/java.util.concurrent.ThreadPoolExecutor.runWorker(ThreadPoolExecutor.java:1122)
    java.base@17.0.18/java.util.concurrent.ThreadPoolExecutor$Worker.run(ThreadPoolExecutor.java:635)
    java.base@17.0.18/java.lang.Thread.run(Thread.java:840)

  Thread[delay-util-0,5,main] is-daemon=true state=WAITING
    java.base@17.0.18/jdk.internal.misc.Unsafe.park(Native Method)
    java.base@17.0.18/java.util.concurrent.locks.LockSupport.park(LockSupport.java:341)
    java.base@17.0.18/java.util.concurrent.locks.AbstractQueuedSynchronizer$ConditionNode.block(AbstractQueuedSynchronizer.java:506)
    java.base@17.0.18/java.util.concurrent.ForkJoinPool.unmanagedBlock(ForkJoinPool.java:3465)
    java.base@17.0.18/java.util.concurrent.ForkJoinPool.managedBlock(ForkJoinPool.java:3436)
    java.base@17.0.18/java.util.concurrent.locks.AbstractQueuedSynchronizer$ConditionObject.await(AbstractQueuedSynchronizer.java:1630)
    java.base@17.0.18/java.util.concurrent.ScheduledThreadPoolExecutor$DelayedWorkQueue.take(ScheduledThreadPoolExecutor.java:1170)
    java.base@17.0.18/java.util.concurrent.ScheduledThreadPoolExecutor$DelayedWorkQueue.take(ScheduledThreadPoolExecutor.java:899)
    java.base@17.0.18/java.util.concurrent.ThreadPoolExecutor.getTask(ThreadPoolExecutor.java:1062)
    java.base@17.0.18/java.util.concurrent.ThreadPoolExecutor.runWorker(ThreadPoolExecutor.java:1122)
    java.base@17.0.18/java.util.concurrent.ThreadPoolExecutor$Worker.run(ThreadPoolExecutor.java:635)
    java.base@17.0.18/java.lang.Thread.run(Thread.java:840)

  Thread[local-wallclock-0,5,main] is-daemon=false state=TIMED_WAITING
    java.base@17.0.18/jdk.internal.misc.Unsafe.park(Native Method)
    java.base@17.0.18/java.util.concurrent.locks.LockSupport.parkNanos(LockSupport.java:252)
    java.base@17.0.18/java.util.concurrent.locks.AbstractQueuedSynchronizer$ConditionObject.awaitNanos(AbstractQueuedSynchronizer.java:1679)
    java.base@17.0.18/java.util.concurrent.ScheduledThreadPoolExecutor$DelayedWorkQueue.take(ScheduledThreadPoolExecutor.java:1182)
    java.base@17.0.18/java.util.concurrent.ScheduledThreadPoolExecutor$DelayedWorkQueue.take(ScheduledThreadPoolExecutor.java:899)
    java.base@17.0.18/java.util.concurrent.ThreadPoolExecutor.getTask(ThreadPoolExecutor.java:1062)
    java.base@17.0.18/java.util.concurrent.ThreadPoolExecutor.runWorker(ThreadPoolExecutor.java:1122)
    java.base@17.0.18/java.util.concurrent.ThreadPoolExecutor$Worker.run(ThreadPoolExecutor.java:635)
    java.base@17.0.18/java.lang.Thread.run(Thread.java:840)

